// Jest Snapshot v1, https://goo.gl/fbAQLP

exports[`when action is "shows/fetchShowMainInfo/fulfilled" should fill the store by received items 1`] = `
Object {
  "entities": Object {
    "1": Object {
      "_links": Object {
        "previousepisode": Object {
          "href": "http://api.tvmaze.com/episodes/185054",
        },
        "self": Object {
          "href": "http://api.tvmaze.com/shows/1",
        },
      },
      "externals": Object {
        "imdb": "tt1553656",
        "thetvdb": 264492,
        "tvrage": 25988,
      },
      "genres": Array [
        "Drama",
        "Science-Fiction",
        "Thriller",
      ],
      "id": 1,
      "image": Object {
        "medium": "http://static.tvmaze.com/uploads/images/medium_portrait/81/202627.jpg",
        "original": "http://static.tvmaze.com/uploads/images/original_untouched/81/202627.jpg",
      },
      "language": "English",
      "name": "Under the Dome",
      "network": Object {
        "country": Object {
          "code": "US",
          "name": "United States",
          "timezone": "America/New_York",
        },
        "id": 2,
        "name": "CBS",
      },
      "officialSite": "http://www.cbs.com/shows/under-the-dome/",
      "premiered": "2013-06-24",
      "rating": Object {
        "average": 6.5,
      },
      "runtime": 60,
      "schedule": Object {
        "days": Array [
          "Thursday",
        ],
        "time": "22:00",
      },
      "status": "Ended",
      "summary": "<p><b>Under the Dome</b> is the story of a small town that is suddenly and inexplicably sealed off from the rest of the world by an enormous transparent dome. The town's inhabitants must deal with surviving the post-apocalyptic conditions while searching for answers about the dome, where it came from and if and when it will go away.</p>",
      "type": "Scripted",
      "updated": 1573667713,
      "url": "http://www.tvmaze.com/shows/1/under-the-dome",
      "webChannel": null,
      "weight": 97,
    },
  },
  "ids": Array [
    1,
  ],
}
`;
