// Jest Snapshot v1, https://goo.gl/fbAQLP

exports[`when action is "episodes/fetchShowEpisodeList/fulfilled" should fill the store by received items 1`] = `
Object {
  "byShow": Object {
    "1": Array [
      1,
      2,
      3,
      4,
      5,
      6,
      7,
      8,
      9,
      10,
      11,
      12,
      13,
      14,
      15,
      16,
      17,
      18,
      19,
      20,
      21,
      22,
      23,
      24,
      25,
      26,
      142270,
      151048,
      151645,
      153120,
      176889,
      176890,
      185048,
      185049,
      185050,
      185051,
      185052,
      185053,
      185054,
    ],
  },
  "entities": Object {
    "1": Object {
      "_links": Object {
        "self": Object {
          "href": "http://api.tvmaze.com/episodes/1",
        },
      },
      "airdate": "2013-06-24",
      "airstamp": "2013-06-25T02:00:00+00:00",
      "airtime": "22:00",
      "id": 1,
      "image": Object {
        "medium": "http://static.tvmaze.com/uploads/images/medium_landscape/1/4388.jpg",
        "original": "http://static.tvmaze.com/uploads/images/original_untouched/1/4388.jpg",
      },
      "name": "Pilot",
      "number": 1,
      "runtime": 60,
      "season": 1,
      "summary": "<p>When the residents of Chester's Mill find themselves trapped under a massive transparent dome with no way out, they struggle to survive as resources rapidly dwindle and panic quickly escalates.</p>",
      "type": "regular",
      "url": "http://www.tvmaze.com/episodes/1/under-the-dome-1x01-pilot",
    },
    "10": Object {
      "_links": Object {
        "self": Object {
          "href": "http://api.tvmaze.com/episodes/10",
        },
      },
      "airdate": "2013-08-26",
      "airstamp": "2013-08-27T02:00:00+00:00",
      "airtime": "22:00",
      "id": 10,
      "image": Object {
        "medium": "http://static.tvmaze.com/uploads/images/medium_landscape/1/4397.jpg",
        "original": "http://static.tvmaze.com/uploads/images/original_untouched/1/4397.jpg",
      },
      "name": "Let the Games Begin",
      "number": 10,
      "runtime": 60,
      "season": 1,
      "summary": "<p>Julia uncovers the truth about her husband's disappearance and unravels some of Chester's Mill's darkest secrets. Meanwhile, Maxine shows Barbie how she plans to take control of the town.</p>",
      "type": "regular",
      "url": "http://www.tvmaze.com/episodes/10/under-the-dome-1x10-let-the-games-begin",
    },
    "11": Object {
      "_links": Object {
        "self": Object {
          "href": "http://api.tvmaze.com/episodes/11",
        },
      },
      "airdate": "2013-09-02",
      "airstamp": "2013-09-03T02:00:00+00:00",
      "airtime": "22:00",
      "id": 11,
      "image": Object {
        "medium": "http://static.tvmaze.com/uploads/images/medium_landscape/1/4398.jpg",
        "original": "http://static.tvmaze.com/uploads/images/original_untouched/1/4398.jpg",
      },
      "name": "Speak of the Devil",
      "number": 11,
      "runtime": 60,
      "season": 1,
      "summary": "<p>Big Jim turns the town against Barbie when the truth about his past is revealed. Meanwhile, Maxine makes it personal when she confronts Barbie's closest ally.</p>",
      "type": "regular",
      "url": "http://www.tvmaze.com/episodes/11/under-the-dome-1x11-speak-of-the-devil",
    },
    "12": Object {
      "_links": Object {
        "self": Object {
          "href": "http://api.tvmaze.com/episodes/12",
        },
      },
      "airdate": "2013-09-09",
      "airstamp": "2013-09-10T02:00:00+00:00",
      "airtime": "22:00",
      "id": 12,
      "image": Object {
        "medium": "http://static.tvmaze.com/uploads/images/medium_landscape/1/4399.jpg",
        "original": "http://static.tvmaze.com/uploads/images/original_untouched/1/4399.jpg",
      },
      "name": "Exigent Circumstances",
      "number": 12,
      "runtime": 60,
      "season": 1,
      "summary": "<p>While the manhunt for Barbie continues, Big Jim gets the residents of Chester's Mill riled up and the town demands justice for all of Barbie's supposed crimes. Meanwhile, Joe and Norrie must find a new hiding place for the mini dome.</p>",
      "type": "regular",
      "url": "http://www.tvmaze.com/episodes/12/under-the-dome-1x12-exigent-circumstances",
    },
    "13": Object {
      "_links": Object {
        "self": Object {
          "href": "http://api.tvmaze.com/episodes/13",
        },
      },
      "airdate": "2013-09-16",
      "airstamp": "2013-09-17T02:00:00+00:00",
      "airtime": "22:00",
      "id": 13,
      "image": Object {
        "medium": "http://static.tvmaze.com/uploads/images/medium_landscape/1/4400.jpg",
        "original": "http://static.tvmaze.com/uploads/images/original_untouched/1/4400.jpg",
      },
      "name": "Curtains",
      "number": 13,
      "runtime": 60,
      "season": 1,
      "summary": "<p>Secrets of the Dome are revealed and Big Jim is determined to put an end to Barbie once and for all. Meanwhile, Junior, Angie, Joe and Norrie discover who the Monarch is after receiving a shocking visit from a familiar face.</p>",
      "type": "regular",
      "url": "http://www.tvmaze.com/episodes/13/under-the-dome-1x13-curtains",
    },
    "14": Object {
      "_links": Object {
        "self": Object {
          "href": "http://api.tvmaze.com/episodes/14",
        },
      },
      "airdate": "2014-06-30",
      "airstamp": "2014-07-01T02:00:00+00:00",
      "airtime": "22:00",
      "id": 14,
      "image": Object {
        "medium": "http://static.tvmaze.com/uploads/images/medium_landscape/4/10446.jpg",
        "original": "http://static.tvmaze.com/uploads/images/original_untouched/4/10446.jpg",
      },
      "name": "Heads Will Roll",
      "number": 1,
      "runtime": 60,
      "season": 2,
      "summary": "<p>Barbie's fate lies in Big Jim's hands, and the Dome presents a new threat when it becomes magnetized. Meanwhile, Julia seeks out the help of a stranger to save the life of a mysterious girl who may hold clues to origin of the Dome.</p>",
      "type": "regular",
      "url": "http://www.tvmaze.com/episodes/14/under-the-dome-2x01-heads-will-roll",
    },
    "142270": Object {
      "_links": Object {
        "self": Object {
          "href": "http://api.tvmaze.com/episodes/142270",
        },
      },
      "airdate": "2015-06-25",
      "airstamp": "2015-06-26T01:00:00+00:00",
      "airtime": "21:00",
      "id": 142270,
      "image": Object {
        "medium": "http://static.tvmaze.com/uploads/images/medium_landscape/12/31233.jpg",
        "original": "http://static.tvmaze.com/uploads/images/original_untouched/12/31233.jpg",
      },
      "name": "Move On",
      "number": 1,
      "runtime": 60,
      "season": 3,
      "summary": "<p>Season 3 begins with Chester's Mill residents appearing inside and outside the Dome following an evacuation into the tunnels beneath the town. Meanwhile, the Dome begins to reveal its ultimate agenda; and surprising alliances form as new residents emerge.</p>",
      "type": "regular",
      "url": "http://www.tvmaze.com/episodes/142270/under-the-dome-3x01-move-on",
    },
    "15": Object {
      "_links": Object {
        "self": Object {
          "href": "http://api.tvmaze.com/episodes/15",
        },
      },
      "airdate": "2014-07-07",
      "airstamp": "2014-07-08T02:00:00+00:00",
      "airtime": "22:00",
      "id": 15,
      "image": Object {
        "medium": "http://static.tvmaze.com/uploads/images/medium_landscape/4/10447.jpg",
        "original": "http://static.tvmaze.com/uploads/images/original_untouched/4/10447.jpg",
      },
      "name": "Infestation",
      "number": 2,
      "runtime": 60,
      "season": 2,
      "summary": "<p>Barbie risks his life to help Rebecca save the Chester's Mill food supply when she discovers an infestation of butterfly eggs on the town's crops.</p>",
      "type": "regular",
      "url": "http://www.tvmaze.com/episodes/15/under-the-dome-2x02-infestation",
    },
    "151048": Object {
      "_links": Object {
        "self": Object {
          "href": "http://api.tvmaze.com/episodes/151048",
        },
      },
      "airdate": "2015-06-25",
      "airstamp": "2015-06-26T02:00:00+00:00",
      "airtime": "22:00",
      "id": 151048,
      "image": Object {
        "medium": "http://static.tvmaze.com/uploads/images/medium_landscape/12/31234.jpg",
        "original": "http://static.tvmaze.com/uploads/images/original_untouched/12/31234.jpg",
      },
      "name": "But I'm Not",
      "number": 2,
      "runtime": 60,
      "season": 3,
      "summary": "<p>Chester's Mill residents appear inside and outside the Dome following an exit into the tunnels beneath the town. Meanwhile, the Dome begins to reveal its ultimate agenda; and surprising alliances form as new residents emerge.</p>",
      "type": "regular",
      "url": "http://www.tvmaze.com/episodes/151048/under-the-dome-3x02-but-im-not",
    },
    "151645": Object {
      "_links": Object {
        "self": Object {
          "href": "http://api.tvmaze.com/episodes/151645",
        },
      },
      "airdate": "2015-07-02",
      "airstamp": "2015-07-03T02:00:00+00:00",
      "airtime": "22:00",
      "id": 151645,
      "image": Object {
        "medium": "http://static.tvmaze.com/uploads/images/medium_landscape/12/31939.jpg",
        "original": "http://static.tvmaze.com/uploads/images/original_untouched/12/31939.jpg",
      },
      "name": "Redux",
      "number": 3,
      "runtime": 60,
      "season": 3,
      "summary": "<p>The residents of Chester's Mill try to move on with their lives in the aftermath of their mysterious experience in the tunnels beneath town. Meanwhile, Big Jim suspects new residents Christine and Eva are keeping secrets concerning the Dome.</p><p><br><br></p>",
      "type": "regular",
      "url": "http://www.tvmaze.com/episodes/151645/under-the-dome-3x03-redux",
    },
    "153120": Object {
      "_links": Object {
        "self": Object {
          "href": "http://api.tvmaze.com/episodes/153120",
        },
      },
      "airdate": "2015-07-09",
      "airstamp": "2015-07-10T02:00:00+00:00",
      "airtime": "22:00",
      "id": 153120,
      "image": Object {
        "medium": "http://static.tvmaze.com/uploads/images/medium_landscape/12/32457.jpg",
        "original": "http://static.tvmaze.com/uploads/images/original_untouched/12/32457.jpg",
      },
      "name": "The Kinship",
      "number": 4,
      "runtime": 60,
      "season": 3,
      "summary": "<p>Urges the townspeople towards specific individuals and projects that remind them of their experience in the tunnels. Also, Julia and Big Jim make shocking discoveries that reveal a new threat within the Dome.</p>",
      "type": "regular",
      "url": "http://www.tvmaze.com/episodes/153120/under-the-dome-3x04-the-kinship",
    },
    "16": Object {
      "_links": Object {
        "self": Object {
          "href": "http://api.tvmaze.com/episodes/16",
        },
      },
      "airdate": "2014-07-14",
      "airstamp": "2014-07-15T02:00:00+00:00",
      "airtime": "22:00",
      "id": 16,
      "image": Object {
        "medium": "http://static.tvmaze.com/uploads/images/medium_landscape/4/10448.jpg",
        "original": "http://static.tvmaze.com/uploads/images/original_untouched/4/10448.jpg",
      },
      "name": "Force Majeure",
      "number": 3,
      "runtime": 60,
      "season": 2,
      "summary": "<p>When tensions in Chester's Mill continue to rise as resources dwindle, Big Jim holds a census in order to forecast how long the town can continue to exist under the dire conditions. Meanwhile, a rainstorm brings much-needed water until it changes to acid rain, threatening the lives of everyone it touches. Also, Rebecca and Lyle butt heads over the reasons for the dome's existence.</p>",
      "type": "regular",
      "url": "http://www.tvmaze.com/episodes/16/under-the-dome-2x03-force-majeure",
    },
    "17": Object {
      "_links": Object {
        "self": Object {
          "href": "http://api.tvmaze.com/episodes/17",
        },
      },
      "airdate": "2014-07-21",
      "airstamp": "2014-07-22T02:00:00+00:00",
      "airtime": "22:00",
      "id": 17,
      "image": Object {
        "medium": "http://static.tvmaze.com/uploads/images/medium_landscape/4/10449.jpg",
        "original": "http://static.tvmaze.com/uploads/images/original_untouched/4/10449.jpg",
      },
      "name": "Revelation",
      "number": 4,
      "runtime": 60,
      "season": 2,
      "summary": "<p>As conditions in Chester's Mill worsen, Big Jim and Rebecca consider resorting to the extreme measure of population control, which drives a wedge between Barbie and Julia. Meanwhile, clues to Melanie's past and her connection to the Dome are revealed.</p>",
      "type": "regular",
      "url": "http://www.tvmaze.com/episodes/17/under-the-dome-2x04-revelation",
    },
    "176889": Object {
      "_links": Object {
        "self": Object {
          "href": "http://api.tvmaze.com/episodes/176889",
        },
      },
      "airdate": "2015-07-16",
      "airstamp": "2015-07-17T02:00:00+00:00",
      "airtime": "22:00",
      "id": 176889,
      "image": Object {
        "medium": "http://static.tvmaze.com/uploads/images/medium_landscape/13/33494.jpg",
        "original": "http://static.tvmaze.com/uploads/images/original_untouched/13/33494.jpg",
      },
      "name": "Alaska",
      "number": 5,
      "runtime": 60,
      "season": 3,
      "summary": "<p>Big Jim and Julia form a tentative alliance to search for proof that will discredit Christine, which leads them to new information about the Dome's capabilities. Meanwhile, when tensions run high in town and threaten Christine's leadership, she puts a plan in play that has deadly consequences.</p>",
      "type": "regular",
      "url": "http://www.tvmaze.com/episodes/176889/under-the-dome-3x05-alaska",
    },
    "176890": Object {
      "_links": Object {
        "self": Object {
          "href": "http://api.tvmaze.com/episodes/176890",
        },
      },
      "airdate": "2015-07-23",
      "airstamp": "2015-07-24T02:00:00+00:00",
      "airtime": "22:00",
      "id": 176890,
      "image": Object {
        "medium": "http://static.tvmaze.com/uploads/images/medium_landscape/13/34493.jpg",
        "original": "http://static.tvmaze.com/uploads/images/original_untouched/13/34493.jpg",
      },
      "name": "Caged",
      "number": 6,
      "runtime": 60,
      "season": 3,
      "summary": "<p>For information about her agenda. Also, when Joe and Norrie question the town's new rules, they find themselves in a dangerous face-off with the increasingly unstable residents.</p>",
      "type": "regular",
      "url": "http://www.tvmaze.com/episodes/176890/under-the-dome-3x06-caged",
    },
    "18": Object {
      "_links": Object {
        "self": Object {
          "href": "http://api.tvmaze.com/episodes/18",
        },
      },
      "airdate": "2014-07-28",
      "airstamp": "2014-07-29T02:00:00+00:00",
      "airtime": "22:00",
      "id": 18,
      "image": Object {
        "medium": "http://static.tvmaze.com/uploads/images/medium_landscape/4/10450.jpg",
        "original": "http://static.tvmaze.com/uploads/images/original_untouched/4/10450.jpg",
      },
      "name": "Reconciliation",
      "number": 5,
      "runtime": 60,
      "season": 2,
      "summary": "<p>Julia takes over as the leader of Chester's Mill after the town becomes divided in the wake of Big Jim and Rebecca's plans for population control. Meanwhile, Joe and Norrie help Melanie search for more clues about her identity at the Dome wall.</p>",
      "type": "regular",
      "url": "http://www.tvmaze.com/episodes/18/under-the-dome-2x05-reconciliation",
    },
    "185048": Object {
      "_links": Object {
        "self": Object {
          "href": "http://api.tvmaze.com/episodes/185048",
        },
      },
      "airdate": "2015-07-30",
      "airstamp": "2015-07-31T02:00:00+00:00",
      "airtime": "22:00",
      "id": 185048,
      "image": Object {
        "medium": "http://static.tvmaze.com/uploads/images/medium_landscape/13/34948.jpg",
        "original": "http://static.tvmaze.com/uploads/images/original_untouched/13/34948.jpg",
      },
      "name": "Ejecta",
      "number": 7,
      "runtime": 60,
      "season": 3,
      "summary": "<p>As the world outside the Dome is rocked by a catastrophic meteor shower, unexpected alliances form inside the barrier. Eva tries to indoctrinate Barbie deeper into The Kinship and Big Jim and Julia turn to one another while isolated on Bird Island outside of town. Also, Joe is forced to accept help from Sam, the man who killed his sister.</p>",
      "type": "regular",
      "url": "http://www.tvmaze.com/episodes/185048/under-the-dome-3x07-ejecta",
    },
    "185049": Object {
      "_links": Object {
        "self": Object {
          "href": "http://api.tvmaze.com/episodes/185049",
        },
      },
      "airdate": "2015-08-06",
      "airstamp": "2015-08-07T02:00:00+00:00",
      "airtime": "22:00",
      "id": 185049,
      "image": Object {
        "medium": "http://static.tvmaze.com/uploads/images/medium_landscape/14/36036.jpg",
        "original": "http://static.tvmaze.com/uploads/images/original_untouched/14/36036.jpg",
      },
      "name": "Breaking Point",
      "number": 8,
      "runtime": 60,
      "season": 3,
      "summary": "<p>Who is mobilizing residents to work on a massive excavation project in the caves underneath the town. Also, Hunter uses his tech skills to contact the outside world.</p>",
      "type": "regular",
      "url": "http://www.tvmaze.com/episodes/185049/under-the-dome-3x08-breaking-point",
    },
    "185050": Object {
      "_links": Object {
        "self": Object {
          "href": "http://api.tvmaze.com/episodes/185050",
        },
      },
      "airdate": "2015-08-13",
      "airstamp": "2015-08-14T02:00:00+00:00",
      "airtime": "22:00",
      "id": 185050,
      "image": Object {
        "medium": "http://static.tvmaze.com/uploads/images/medium_landscape/14/37358.jpg",
        "original": "http://static.tvmaze.com/uploads/images/original_untouched/14/37358.jpg",
      },
      "name": "Plan B",
      "number": 9,
      "runtime": 60,
      "season": 3,
      "summary": "<p>Control over the town by initiating a life-or-death plot involving Barbie and Eva, while Joe and Norrie conduct research to better understand the Dome's ultimate agenda. Meanwhile, Hunter finds more information about the true head of Aktaion, the nefarious private corporation that wants to harness the Dome's energy.</p>",
      "type": "regular",
      "url": "http://www.tvmaze.com/episodes/185050/under-the-dome-3x09-plan-b",
    },
    "185051": Object {
      "_links": Object {
        "self": Object {
          "href": "http://api.tvmaze.com/episodes/185051",
        },
      },
      "airdate": "2015-08-20",
      "airstamp": "2015-08-21T02:00:00+00:00",
      "airtime": "22:00",
      "id": 185051,
      "image": Object {
        "medium": "http://static.tvmaze.com/uploads/images/medium_landscape/15/39057.jpg",
        "original": "http://static.tvmaze.com/uploads/images/original_untouched/15/39057.jpg",
      },
      "name": "Legacy",
      "number": 10,
      "runtime": 60,
      "season": 3,
      "summary": "<p>The nefarious head of Aktaion. Despite Hektor revealing more about the Dome's origins and helping to strike back at it, Big Jim and Julia still worry he will betray them. Meanwhile, Hunter receives encrypted files that give disturbing insights into the final effect the Dome will have on the infected townspeople.</p>",
      "type": "regular",
      "url": "http://www.tvmaze.com/episodes/185051/under-the-dome-3x10-legacy",
    },
    "185052": Object {
      "_links": Object {
        "self": Object {
          "href": "http://api.tvmaze.com/episodes/185052",
        },
      },
      "airdate": "2015-08-27",
      "airstamp": "2015-08-28T02:00:00+00:00",
      "airtime": "22:00",
      "id": 185052,
      "image": Object {
        "medium": "http://static.tvmaze.com/uploads/images/medium_landscape/16/40250.jpg",
        "original": "http://static.tvmaze.com/uploads/images/original_untouched/16/40250.jpg",
      },
      "name": "Love is a Battlefield",
      "number": 11,
      "runtime": 60,
      "season": 3,
      "summary": "<p>The head of Aktaion, to test a possible cure for infected townspeople. Also, Joe chooses to work with Christine after she shares some shocking information about the entity behind the Dome.</p>",
      "type": "regular",
      "url": "http://www.tvmaze.com/episodes/185052/under-the-dome-3x11-love-is-a-battlefield",
    },
    "185053": Object {
      "_links": Object {
        "self": Object {
          "href": "http://api.tvmaze.com/episodes/185053",
        },
      },
      "airdate": "2015-09-03",
      "airstamp": "2015-09-04T02:00:00+00:00",
      "airtime": "22:00",
      "id": 185053,
      "image": Object {
        "medium": "http://static.tvmaze.com/uploads/images/medium_landscape/16/41932.jpg",
        "original": "http://static.tvmaze.com/uploads/images/original_untouched/16/41932.jpg",
      },
      "name": "Incandescence",
      "number": 12,
      "runtime": 60,
      "season": 3,
      "summary": "<p>Who is adamant that infected townspeople never escape the Dome.</p>",
      "type": "regular",
      "url": "http://www.tvmaze.com/episodes/185053/under-the-dome-3x12-incandescence",
    },
    "185054": Object {
      "_links": Object {
        "self": Object {
          "href": "http://api.tvmaze.com/episodes/185054",
        },
      },
      "airdate": "2015-09-10",
      "airstamp": "2015-09-11T02:00:00+00:00",
      "airtime": "22:00",
      "id": 185054,
      "image": Object {
        "medium": "http://static.tvmaze.com/uploads/images/medium_landscape/17/43622.jpg",
        "original": "http://static.tvmaze.com/uploads/images/original_untouched/17/43622.jpg",
      },
      "name": "The Enemy Within",
      "number": 13,
      "runtime": 60,
      "season": 3,
      "summary": "<p>As the Dome in Chester's Mill comes down, the Resistance makes a final attempt to protect the outside world from the infected townspeople in the Kinship and their new queen.</p>",
      "type": "regular",
      "url": "http://www.tvmaze.com/episodes/185054/under-the-dome-3x13-the-enemy-within",
    },
    "19": Object {
      "_links": Object {
        "self": Object {
          "href": "http://api.tvmaze.com/episodes/19",
        },
      },
      "airdate": "2014-08-04",
      "airstamp": "2014-08-05T02:00:00+00:00",
      "airtime": "22:00",
      "id": 19,
      "image": Object {
        "medium": "http://static.tvmaze.com/uploads/images/medium_landscape/4/10451.jpg",
        "original": "http://static.tvmaze.com/uploads/images/original_untouched/4/10451.jpg",
      },
      "name": "In the Dark",
      "number": 6,
      "runtime": 60,
      "season": 2,
      "summary": "<p>When Barbie and Sam set out to investigate a mysterious tunnel, a cave-in severs their path back to Chester's Mill. Meanwhile, Julia and Big Jim face off in a struggle for power as a dust storm rages in the town.</p>",
      "type": "regular",
      "url": "http://www.tvmaze.com/episodes/19/under-the-dome-2x06-in-the-dark",
    },
    "2": Object {
      "_links": Object {
        "self": Object {
          "href": "http://api.tvmaze.com/episodes/2",
        },
      },
      "airdate": "2013-07-01",
      "airstamp": "2013-07-02T02:00:00+00:00",
      "airtime": "22:00",
      "id": 2,
      "image": Object {
        "medium": "http://static.tvmaze.com/uploads/images/medium_landscape/1/4389.jpg",
        "original": "http://static.tvmaze.com/uploads/images/original_untouched/1/4389.jpg",
      },
      "name": "The Fire",
      "number": 2,
      "runtime": 60,
      "season": 1,
      "summary": "<p>While the residents of Chester's Mill face the uncertainty of life in the dome, panic is heightened when a house goes up in flames and their fire department is outside of the dome.</p>",
      "type": "regular",
      "url": "http://www.tvmaze.com/episodes/2/under-the-dome-1x02-the-fire",
    },
    "20": Object {
      "_links": Object {
        "self": Object {
          "href": "http://api.tvmaze.com/episodes/20",
        },
      },
      "airdate": "2014-08-11",
      "airstamp": "2014-08-12T02:00:00+00:00",
      "airtime": "22:00",
      "id": 20,
      "image": Object {
        "medium": "http://static.tvmaze.com/uploads/images/medium_landscape/4/10452.jpg",
        "original": "http://static.tvmaze.com/uploads/images/original_untouched/4/10452.jpg",
      },
      "name": "Going Home",
      "number": 7,
      "runtime": 60,
      "season": 2,
      "summary": "<p>When Barbie descends into the unknown abyss in the mysterious tunnel to look for Sam, he discovers a world that is familiar but filled with unanswered questions.</p>",
      "type": "regular",
      "url": "http://www.tvmaze.com/episodes/20/under-the-dome-2x07-going-home",
    },
    "21": Object {
      "_links": Object {
        "self": Object {
          "href": "http://api.tvmaze.com/episodes/21",
        },
      },
      "airdate": "2014-08-18",
      "airstamp": "2014-08-19T02:00:00+00:00",
      "airtime": "22:00",
      "id": 21,
      "image": Object {
        "medium": "http://static.tvmaze.com/uploads/images/medium_landscape/4/10453.jpg",
        "original": "http://static.tvmaze.com/uploads/images/original_untouched/4/10453.jpg",
      },
      "name": "Awakening",
      "number": 8,
      "runtime": 60,
      "season": 2,
      "summary": "<p>When Barbie enlists his father's help to reach out to Julia, he realizes that Don may know more about the Dome than he is letting on. Meanwhile, Big Jim appoints himself sheriff of Chester's Mill.</p>",
      "type": "regular",
      "url": "http://www.tvmaze.com/episodes/21/under-the-dome-2x08-awakening",
    },
    "22": Object {
      "_links": Object {
        "self": Object {
          "href": "http://api.tvmaze.com/episodes/22",
        },
      },
      "airdate": "2014-08-25",
      "airstamp": "2014-08-26T02:00:00+00:00",
      "airtime": "22:00",
      "id": 22,
      "image": Object {
        "medium": "http://static.tvmaze.com/uploads/images/medium_landscape/4/10454.jpg",
        "original": "http://static.tvmaze.com/uploads/images/original_untouched/4/10454.jpg",
      },
      "name": "The Red Door",
      "number": 9,
      "runtime": 60,
      "season": 2,
      "summary": "<p>When Barbie is apprehended by a group of mysterious men, he is relentlessly interrogated about his connection to the Dome. Meanwhile, Big Jim makes a deal that could seal the fate of the residents of Chester's Mill forever.</p>",
      "type": "regular",
      "url": "http://www.tvmaze.com/episodes/22/under-the-dome-2x09-the-red-door",
    },
    "23": Object {
      "_links": Object {
        "self": Object {
          "href": "http://api.tvmaze.com/episodes/23",
        },
      },
      "airdate": "2014-09-01",
      "airstamp": "2014-09-02T02:00:00+00:00",
      "airtime": "22:00",
      "id": 23,
      "image": Object {
        "medium": "http://static.tvmaze.com/uploads/images/medium_landscape/4/10455.jpg",
        "original": "http://static.tvmaze.com/uploads/images/original_untouched/4/10455.jpg",
      },
      "name": "The Fall",
      "number": 10,
      "runtime": 60,
      "season": 2,
      "summary": "<p>Big Jim finally learns the shocking truth about what really happened to his wife, Pauline, when they are reunited. Meanwhile, climate change poses a new threat to Chester's Mill.</p>",
      "type": "regular",
      "url": "http://www.tvmaze.com/episodes/23/under-the-dome-2x10-the-fall",
    },
    "24": Object {
      "_links": Object {
        "self": Object {
          "href": "http://api.tvmaze.com/episodes/24",
        },
      },
      "airdate": "2014-09-08",
      "airstamp": "2014-09-09T02:00:00+00:00",
      "airtime": "22:00",
      "id": 24,
      "image": Object {
        "medium": "http://static.tvmaze.com/uploads/images/medium_landscape/4/10456.jpg",
        "original": "http://static.tvmaze.com/uploads/images/original_untouched/4/10456.jpg",
      },
      "name": "Black Ice",
      "number": 11,
      "runtime": 60,
      "season": 2,
      "summary": "<p>When temperatures begin to plunge, Sam and Rebecca spring into action to try to save the residents of Chester's Mill. Meanwhile, Barbie risks his own life in order to save Julia after a terrible accident.</p>",
      "type": "regular",
      "url": "http://www.tvmaze.com/episodes/24/under-the-dome-2x11-black-ice",
    },
    "25": Object {
      "_links": Object {
        "self": Object {
          "href": "http://api.tvmaze.com/episodes/25",
        },
      },
      "airdate": "2014-09-15",
      "airstamp": "2014-09-16T02:00:00+00:00",
      "airtime": "22:00",
      "id": 25,
      "image": Object {
        "medium": "http://static.tvmaze.com/uploads/images/medium_landscape/4/10457.jpg",
        "original": "http://static.tvmaze.com/uploads/images/original_untouched/4/10457.jpg",
      },
      "name": "Turn",
      "number": 12,
      "runtime": 60,
      "season": 2,
      "summary": "<p>When a new threat from the Dome intensifies, the residents of Chester's Mill find themselves at risk of being crushed to death. Meanwhile, Melanie's health continues to deteriorate as the fate of the egg remains unknown.</p>",
      "type": "regular",
      "url": "http://www.tvmaze.com/episodes/25/under-the-dome-2x12-turn",
    },
    "26": Object {
      "_links": Object {
        "self": Object {
          "href": "http://api.tvmaze.com/episodes/26",
        },
      },
      "airdate": "2014-09-22",
      "airstamp": "2014-09-23T02:00:00+00:00",
      "airtime": "22:00",
      "id": 26,
      "image": Object {
        "medium": "http://static.tvmaze.com/uploads/images/medium_landscape/4/10458.jpg",
        "original": "http://static.tvmaze.com/uploads/images/original_untouched/4/10458.jpg",
      },
      "name": "Go Now",
      "number": 13,
      "runtime": 60,
      "season": 2,
      "summary": "<p>Potential exit from the Dome is revealed just as the walls begin closing in on those trapped in Chester's Mill.</p>",
      "type": "regular",
      "url": "http://www.tvmaze.com/episodes/26/under-the-dome-2x13-go-now",
    },
    "3": Object {
      "_links": Object {
        "self": Object {
          "href": "http://api.tvmaze.com/episodes/3",
        },
      },
      "airdate": "2013-07-08",
      "airstamp": "2013-07-09T02:00:00+00:00",
      "airtime": "22:00",
      "id": 3,
      "image": Object {
        "medium": "http://static.tvmaze.com/uploads/images/medium_landscape/1/4390.jpg",
        "original": "http://static.tvmaze.com/uploads/images/original_untouched/1/4390.jpg",
      },
      "name": "Manhunt",
      "number": 3,
      "runtime": 60,
      "season": 1,
      "summary": "<p>When a former deputy goes rogue, Big Jim recruits Barbie to join the manhunt to keep the town safe. Meanwhile, Junior is determined to escape the dome by going underground.</p>",
      "type": "regular",
      "url": "http://www.tvmaze.com/episodes/3/under-the-dome-1x03-manhunt",
    },
    "4": Object {
      "_links": Object {
        "self": Object {
          "href": "http://api.tvmaze.com/episodes/4",
        },
      },
      "airdate": "2013-07-15",
      "airstamp": "2013-07-16T02:00:00+00:00",
      "airtime": "22:00",
      "id": 4,
      "image": Object {
        "medium": "http://static.tvmaze.com/uploads/images/medium_landscape/1/4391.jpg",
        "original": "http://static.tvmaze.com/uploads/images/original_untouched/1/4391.jpg",
      },
      "name": "Outbreak",
      "number": 4,
      "runtime": 60,
      "season": 1,
      "summary": "<p>The people of Chester's Mill fall into a state of panic as an outbreak of meningitis strikes their community, threatening their already depleted medical supplies. Meanwhile, Julia continues to search for answers into her husband's disappearance.</p>",
      "type": "regular",
      "url": "http://www.tvmaze.com/episodes/4/under-the-dome-1x04-outbreak",
    },
    "5": Object {
      "_links": Object {
        "self": Object {
          "href": "http://api.tvmaze.com/episodes/5",
        },
      },
      "airdate": "2013-07-22",
      "airstamp": "2013-07-23T02:00:00+00:00",
      "airtime": "22:00",
      "id": 5,
      "image": Object {
        "medium": "http://static.tvmaze.com/uploads/images/medium_landscape/1/4392.jpg",
        "original": "http://static.tvmaze.com/uploads/images/original_untouched/1/4392.jpg",
      },
      "name": "Blue on Blue",
      "number": 5,
      "runtime": 60,
      "season": 1,
      "summary": "<p>The Chester's Mill residents receive an unexpected visit from their loved ones on the other side. Meanwhile, the community braces for a threat from outside the Dome.</p>",
      "type": "regular",
      "url": "http://www.tvmaze.com/episodes/5/under-the-dome-1x05-blue-on-blue",
    },
    "6": Object {
      "_links": Object {
        "self": Object {
          "href": "http://api.tvmaze.com/episodes/6",
        },
      },
      "airdate": "2013-07-29",
      "airstamp": "2013-07-30T02:00:00+00:00",
      "airtime": "22:00",
      "id": 6,
      "image": Object {
        "medium": "http://static.tvmaze.com/uploads/images/medium_landscape/1/4393.jpg",
        "original": "http://static.tvmaze.com/uploads/images/original_untouched/1/4393.jpg",
      },
      "name": "The Endless Thirst",
      "number": 6,
      "runtime": 60,
      "season": 1,
      "summary": "<p>When the town begins to run low on water, the residents of Chester's Mill begin to fight for the remaining resources. Meanwhile, Julia discovers a strange connection that two of the town's residents have with the Dome.</p>",
      "type": "regular",
      "url": "http://www.tvmaze.com/episodes/6/under-the-dome-1x06-the-endless-thirst",
    },
    "7": Object {
      "_links": Object {
        "self": Object {
          "href": "http://api.tvmaze.com/episodes/7",
        },
      },
      "airdate": "2013-08-05",
      "airstamp": "2013-08-06T02:00:00+00:00",
      "airtime": "22:00",
      "id": 7,
      "image": Object {
        "medium": "http://static.tvmaze.com/uploads/images/medium_landscape/1/4394.jpg",
        "original": "http://static.tvmaze.com/uploads/images/original_untouched/1/4394.jpg",
      },
      "name": "Imperfect Circles",
      "number": 7,
      "runtime": 60,
      "season": 1,
      "summary": "<p>Big Jim takes matters into his own hands when he feels his authority slipping away, and the dome displays its power when a life is taken just as a newborn arrives.</p>",
      "type": "regular",
      "url": "http://www.tvmaze.com/episodes/7/under-the-dome-1x07-imperfect-circles",
    },
    "8": Object {
      "_links": Object {
        "self": Object {
          "href": "http://api.tvmaze.com/episodes/8",
        },
      },
      "airdate": "2013-08-12",
      "airstamp": "2013-08-13T02:00:00+00:00",
      "airtime": "22:00",
      "id": 8,
      "image": Object {
        "medium": "http://static.tvmaze.com/uploads/images/medium_landscape/1/4395.jpg",
        "original": "http://static.tvmaze.com/uploads/images/original_untouched/1/4395.jpg",
      },
      "name": "Thicker Than Water",
      "number": 8,
      "runtime": 60,
      "season": 1,
      "summary": "<p>Junior stands up to his father and is shattered when he discovers the truth about his mother's past. Meanwhile, Julia learns firsthand the powers of the \\"mini dome\\".</p>",
      "type": "regular",
      "url": "http://www.tvmaze.com/episodes/8/under-the-dome-1x08-thicker-than-water",
    },
    "9": Object {
      "_links": Object {
        "self": Object {
          "href": "http://api.tvmaze.com/episodes/9",
        },
      },
      "airdate": "2013-08-19",
      "airstamp": "2013-08-20T02:00:00+00:00",
      "airtime": "22:00",
      "id": 9,
      "image": Object {
        "medium": "http://static.tvmaze.com/uploads/images/medium_landscape/1/4396.jpg",
        "original": "http://static.tvmaze.com/uploads/images/original_untouched/1/4396.jpg",
      },
      "name": "The Fourth Hand",
      "number": 9,
      "runtime": 60,
      "season": 1,
      "summary": "<p>Big Jim and Barbie discover their lives are more intertwined than they knew when a mysterious woman, Maxine, shows up unexpectedly in Chester's Mill.</p>",
      "type": "regular",
      "url": "http://www.tvmaze.com/episodes/9/under-the-dome-1x09-the-fourth-hand",
    },
  },
  "ids": Array [
    1,
    2,
    3,
    4,
    5,
    6,
    7,
    8,
    9,
    10,
    11,
    12,
    13,
    14,
    15,
    16,
    17,
    18,
    19,
    20,
    21,
    22,
    23,
    24,
    25,
    26,
    142270,
    151048,
    151645,
    153120,
    176889,
    176890,
    185048,
    185049,
    185050,
    185051,
    185052,
    185053,
    185054,
  ],
}
`;
